// Jest Snapshot v1, https://goo.gl/fbAQLP

exports[`noMatch Test <NoMatch /> should render the form 1`] = `"<main style=\\"height:768px\\"><div class=\\"container\\" style=\\"margin-top:150px\\"><div class=\\"row\\"><div class=\\"col-8\\"><a href=\\"/\\" style=\\"color:#FFF\\"> Home </a><h1>Page not found!</h1></div></div></div></main>"`;
