// Jest Snapshot v1, https://goo.gl/fbAQLP

exports[`<App /> should render the form 1`] = `"<div><div><div class=\\"Home\\"><div><div class=\\"MovieSearch-Card card\\"><div class=\\"card-body\\"><div class=\\"row\\"><input type=\\"text\\" class=\\"MovieSearch-input\\" placeholder=\\"Search movie name ...\\" name=\\"mName\\" value=\\"\\"/><div><button class=\\"btn btn-link MovieSearch-button\\"> New Film</button><button class=\\"btn btn-link MovieSearch-button\\"> Top Film</button><button class=\\"btn btn-link MovieSearch-button\\"> Favorites</button></div></div></div></div></div><div><div class=\\"row justify-content-md-center\\"></div><div class=\\"Home-noFav\\"></div></div></div></div><div class=\\"Footer\\"><div class=\\"modal-body\\"><div class=\\"row justify-content-md-center\\"><label class=\\"Footer-label\\">Â© 2019 Show Movies App</label></div></div></div></div>"`;
